14:38:56 Official Gmail warmup Stage 2 · 27 alive 4d+ · add 2–4 · skip dead + Done
14:38:56 [1/27] #8627 nodmockquorcite@gmail.com k1guxndl age=239.9h web=False
14:39:14   8627 · qa_goto_welcome
14:39:28   8627 · qa_welcome_visible
14:39:29   8627 · web_onboard_chat_try:1
14:39:31   8627 · web_onboard_chat
14:39:43   8627 · qa_ready_to_add
14:39:43   8627 · web_add_friends_empty_list
14:39:43   8627 · web_add_friends_settle
14:39:48   8627 · web_add_friends_open
14:39:49   8627 · web_add_friends_search:Matthew
14:39:55   8627 · web_add_friends_added:4
14:39:55   8627 · web_add_friends_settle
14:40:09   sheet sync rc=0
14:40:11   → OK:web_add_friends_added:4,web_add_friends_added:4 · ok=1 inside=0 dead=0 fail=0
14:40:13 [2/27] #8796 duihdspshopkfs@gmail.com k1h0i908 age=141.7h web=False
14:40:29   8796 · qa_auth_page_seen:signup
14:40:29   8796 · qa_goto_welcome
14:40:54   8796 · qa_welcome_visible
14:40:55   8796 · web_onboard_chat_try:1
14:40:58   8796 · web_onboard_chat
14:41:11   8796 · qa_ready_to_add
14:41:11   8796 · web_add_friends_empty_list
14:41:11   8796 · web_add_friends_settle
14:41:15   8796 · web_add_friends_open
14:41:16   8796 · web_add_friends_search:Michael
14:41:20   8796 · web_add_friends_panel_closed
14:41:20   8796 · web_add_friends_retry
14:41:23   8796 · web_add_friends_open
14:41:24   8796 · web_add_friends_search:Noah
14:41:27   8796 · web_add_friends_panel_closed
14:41:27   8796 · web_add_friends_retry
14:41:30   8796 · web_add_friends_open
14:41:32   8796 · web_add_friends_search:Jordan
14:41:35   8796 · web_add_friends_added:4
14:41:35   8796 · web_add_friends_settle
14:41:48   sheet sync rc=0
14:41:49   → OK:web_add_friends_added:4,web_add_friends_added:4 · ok=2 inside=0 dead=0 fail=0
14:41:51 [3/27] #8815 pocquakayfel@gmail.com k1h0jucj age=141.0h web=False
14:42:09   8815 · qa_auth_page_seen:signup
14:42:09   8815 · qa_goto_welcome
14:42:46   8815 · qa_welcome_visible
14:42:46   8815 · web_onboard_chat_not_found_try:1
14:42:47   8815 · web_onboard_chat_not_found_try:2
14:42:47   8815 · web_onboard_chat_not_found_try:3
14:42:48   8815 · web_onboard_chat_stuck
14:43:08   8815 · web_not_ready_for_qa
14:43:08   8815 · web_add_friends_not_found
14:43:08   8815 · web_add_friends_settle
14:43:12   → FAIL:not_inside · ok=2 inside=0 dead=0 fail=1
14:43:14 [4/27] #8832 srvxslibcrs@gmail.com k1h0l984 age=140.3h web=False
14:43:27   8832 · qa_auth_page_seen:signup
14:43:27   8832 · qa_goto_welcome
14:44:09   8832 · qa_welcome_visible
14:44:10   8832 · web_onboard_chat_not_found_try:1
14:44:11   8832 · web_onboard_chat_not_found_try:2
14:44:11   8832 · web_onboard_chat_try:3
14:44:15   8832 · web_onboard_chat
14:44:25   8832 · qa_ready_to_add
14:44:25   8832 · web_add_friends_empty_list
14:44:25   8832 · web_add_friends_settle
14:44:29   8832 · web_add_friends_open
14:44:31   8832 · web_add_friends_search:Brandon
14:44:36   8832 · web_add_friends_panel_closed
14:44:36   8832 · web_add_friends_retry
14:44:39   8832 · web_add_friends_open
14:44:41   8832 · web_add_friends_search:Daniel
14:44:43   8832 · web_add_friends_added:4
14:44:43   8832 · web_add_friends_settle
14:44:56   sheet sync rc=0
14:44:57   → OK:web_add_friends_added:4,web_add_friends_added:4 · ok=3 inside=0 dead=0 fail=1
14:44:59 [5/27] #8833 tupjdfrujdsd@gmail.com k1h0lmb3 age=140.1h web=False
14:45:13   8833 · qa_auth_page_seen:signup
14:45:13   8833 · qa_goto_welcome
14:45:25   8833 · qa_welcome_visible
14:45:26   8833 · web_onboard_chat_not_found_try:1
14:45:26   8833 · web_onboard_chat_not_found_try:2
14:45:27   8833 · web_onboard_chat_not_found_try:3
14:45:28   8833 · web_onboard_chat_stuck
14:45:52   8833 · web_not_ready_for_qa
14:45:52   8833 · web_add_friends_not_found
14:45:52   8833 · web_add_friends_settle
14:45:56   → FAIL:not_inside · ok=3 inside=0 dead=0 fail=2
14:45:58 [6/27] #8838 haftezogaga@gmail.com k1h0m3e0 age=139.8h web=False
14:46:12   8838 · qa_auth_page_seen:signup
14:46:12   8838 · qa_goto_welcome
14:46:57   8838 · qa_goto_welcome_failed:Page.goto: Timeout 45000ms exceeded.
Call log:
  - navigating to "https://accounts.snapchat.com/v2/welcome?locale=en-US", waiting until "domcontentloaded"

14:46:57   8838 · qa_welcome_visible
14:46:57   8838 · web_onboard_chat_not_found_try:1
14:46:58   8838 · web_onboard_chat_not_found_try:2
14:46:58   8838 · web_onboard_chat_not_found_try:3
14:46:59   8838 · web_onboard_chat_stuck
14:47:20   8838 · web_not_ready_for_qa
14:47:20   8838 · web_add_friends_not_found
14:47:20   8838 · web_add_friends_settle
14:47:24   → FAIL:not_inside · ok=3 inside=0 dead=0 fail=3
14:47:26 [7/27] #8839 ienyawsnoimon@gmail.com k1h0mcwp age=139.6h web=False
14:47:40   8839 · qa_auth_page_seen:signup
14:47:40   8839 · qa_goto_welcome
14:48:25   8839 · qa_goto_welcome_failed:Page.goto: Timeout 45000ms exceeded.
Call log:
  - navigating to "https://accounts.snapchat.com/v2/welcome?locale=en-US", waiting until "domcontentloaded"

14:48:25   8839 · qa_welcome_visible
14:48:26   8839 · web_onboard_chat_not_found_try:1
14:48:26   8839 · web_onboard_chat_not_found_try:2
14:48:27   8839 · web_onboard_chat_not_found_try:3
14:48:27   8839 · web_onboard_chat_stuck
14:48:48   8839 · web_not_ready_for_qa
14:48:48   8839 · web_add_friends_not_found
14:48:48   8839 · web_add_friends_settle
14:48:52   → FAIL:not_inside · ok=3 inside=0 dead=0 fail=4
14:48:54 [8/27] #8840 itshemprodserf@gmail.com k1h0mojn age=139.5h web=False
14:49:08   8840 · qa_auth_page_seen:signup
14:49:08   8840 · qa_goto_welcome
14:49:23   8840 · qa_welcome_visible
14:49:24   8840 · web_onboard_chat_try:1
14:49:27   8840 · web_onboard_chat
14:49:38   8840 · qa_ready_to_add
14:49:38   8840 · web_add_friends_empty_list
14:49:38   8840 · web_add_friends_settle
14:49:42   8840 · web_add_friends_open
14:49:44   8840 · web_add_friends_search:Alexander
14:49:48   8840 · web_add_friends_added:2
14:49:49   8840 · web_add_friends_settle
14:50:02   sheet sync rc=0
14:50:03   → OK:web_add_friends_added:2,web_add_friends_added:2 · ok=4 inside=0 dead=0 fail=4
14:50:05 [9/27] #8842 plugdeftphrelyt@gmail.com k1h0na78 age=139.1h web=False
14:50:19   8842 · qa_auth_page_seen:signup
14:50:19   8842 · qa_goto_welcome
14:51:04   8842 · qa_goto_welcome_failed:Page.goto: Timeout 45000ms exceeded.
Call log:
  - navigating to "https://accounts.snapchat.com/v2/welcome?locale=en-US", waiting until "domcontentloaded"

14:51:04   8842 · qa_welcome_visible
14:51:05   8842 · web_onboard_chat_not_found_try:1
14:51:05   8842 · web_onboard_chat_not_found_try:2
14:51:06   8842 · web_onboard_chat_not_found_try:3
14:51:06   8842 · web_onboard_chat_stuck
14:51:27   8842 · web_not_ready_for_qa
14:51:27   8842 · web_add_friends_not_found
14:51:27   8842 · web_add_friends_settle
14:51:31   → FAIL:not_inside · ok=4 inside=0 dead=0 fail=5
14:51:33 [10/27] #8843 polquonlishsup@gmail.com k1h0nkj0 age=139.0h web=False
14:51:47   8843 · qa_auth_page_seen:signup
14:51:47   8843 · qa_goto_welcome
14:52:32   8843 · qa_goto_welcome_failed:Page.goto: Timeout 45000ms exceeded.
Call log:
  - navigating to "https://accounts.snapchat.com/v2/welcome?locale=en-US", waiting until "domcontentloaded"

14:52:32   8843 · qa_welcome_visible
14:52:33   8843 · web_onboard_chat_not_found_try:1
14:52:33   8843 · web_onboard_chat_not_found_try:2
14:52:34   8843 · web_onboard_chat_not_found_try:3
14:52:34   8843 · web_onboard_chat_stuck
14:52:55   8843 · web_not_ready_for_qa
14:52:55   8843 · web_add_friends_not_found
14:52:55   8843 · web_add_friends_settle
14:52:59   → FAIL:not_inside · ok=4 inside=0 dead=0 fail=6
14:53:01 [11/27] #8844 pouvtscyhcaz@gmail.com k1h0nv5r age=138.8h web=False
14:53:15   8844 · qa_auth_page_seen:signup
14:53:15   8844 · qa_goto_welcome
14:53:35   8844 · qa_welcome_visible
14:53:36   8844 · web_onboard_chat_not_found_try:1
14:53:36   8844 · web_onboard_chat_not_found_try:2
14:53:37   8844 · web_onboard_chat_try:3
14:53:40   8844 · web_onboard_chat
14:53:49   8844 · qa_ready_to_add
14:53:49   8844 · web_add_friends_empty_list
14:53:49   8844 · web_add_friends_settle
14:53:54   8844 · web_add_friends_open
14:53:55   8844 · web_add_friends_search:Joseph
14:54:31   8844 · web_add_friends_added:4
14:54:31   8844 · web_add_friends_settle
14:54:45   sheet sync rc=0
14:54:46   → OK:web_add_friends_added:4,web_add_friends_added:4 · ok=5 inside=0 dead=0 fail=6
14:54:48 [12/27] #9137 treymhgcyg@gmail.com k1h1w36t age=116.6h web=False
14:55:02   9137 · qa_auth_page_seen:signup
14:55:02   9137 · qa_goto_welcome
14:55:21   9137 · qa_welcome_visible
14:55:22   9137 · web_onboard_chat_try:1
14:55:25   9137 · web_onboard_chat
14:55:41   9137 · web_onboard_next_not_seen
14:55:56   9137 · web_onboard_skip_not_seen
14:56:03   9137 · web_onboard_heads_up_dismissed_not_seen
14:56:03   9137 · qa_ready_to_add
14:56:03   9137 · web_add_friends_empty_list
14:56:03   9137 · web_add_friends_settle
14:56:04   9137 · web_add_friends_not_found
14:56:04   9137 · web_add_friends_settle
14:56:08   → INSIDE_NO_ADD · ok=5 inside=1 dead=0 fail=6
14:56:10 [13/27] #9138 narrownaus@gmail.com k1h1wkih age=116.4h web=False
14:56:24   9138 · qa_auth_page_seen:signup
14:56:24   9138 · qa_goto_welcome
14:56:44   9138 · qa_welcome_visible
14:56:45   9138 · web_onboard_chat_not_found_try:1
14:56:46   9138 · web_onboard_chat_not_found_try:2
14:56:46   9138 · web_onboard_chat_not_found_try:3
14:56:47   9138 · web_onboard_chat_stuck
14:57:11   9138 · web_not_ready_for_qa
14:57:11   9138 · web_add_friends_not_found
14:57:11   9138 · web_add_friends_settle
14:57:16   → FAIL:not_inside · ok=5 inside=1 dead=0 fail=7
14:57:18 [14/27] #9140 cautionsau@gmail.com k1h1wxsf age=116.2h web=False
14:57:32   9140 · qa_auth_page_seen:signup
14:57:32   9140 · qa_goto_welcome
14:57:41   9140 · qa_welcome_visible
14:57:42   9140 · web_onboard_chat_try:1
14:57:45   9140 · web_onboard_chat
14:58:02   9140 · web_onboard_next_not_seen
14:58:13   9140 · qa_ready_to_add
14:58:13   9140 · web_add_friends_empty_list
14:58:13   9140 · web_add_friends_settle
14:58:18   9140 · web_add_friends_open
14:58:19   9140 · web_add_friends_search:Nicholas
14:58:22   9140 · web_add_friends_panel_closed
14:58:22   9140 · web_add_friends_retry
14:58:25   9140 · web_add_friends_open
14:58:26   9140 · web_add_friends_search:Josh
14:58:29   9140 · web_add_friends_added:2
14:58:29   9140 · web_add_friends_settle
14:58:46   sheet sync rc=0
14:58:47   → OK:web_add_friends_added:2,web_add_friends_added:2 · ok=6 inside=1 dead=0 fail=7
14:58:49 [15/27] #9141 eusoelakso@gmail.com k1h1x99d age=116.0h web=False
14:59:04   9141 · qa_auth_page_seen:signup
14:59:04   9141 · qa_goto_welcome
14:59:19   close k1h1x99d Profile is not open
14:59:21 Official Gmail warmup Stage 2 · 21 alive 4d+ · add 2–4 · skip dead + Done
14:59:21 [1/21] #8815 pocquakayfel@gmail.com k1h0jucj age=141.3h web=False
14:59:31   8815 · qa_auth_page_seen:signup
14:59:31   8815 · qa_goto_welcome
14:59:55   8815 · qa_welcome_visible
14:59:56   8815 · web_onboard_chat_not_found_try:1
14:59:56   8815 · web_onboard_chat_not_found_try:2
14:59:57   8815 · web_onboard_chat_not_found_try:3
14:59:57   8815 · web_onboard_chat_stuck
15:00:18   8815 · web_not_ready_for_qa
15:00:18   8815 · web_add_friends_not_found
15:00:18   8815 · web_add_friends_settle
15:00:22   → FAIL:not_inside · ok=0 inside=0 dead=0 fail=1
15:00:24 [2/21] #8833 tupjdfrujdsd@gmail.com k1h0lmb3 age=140.4h web=False
15:00:33   8833 · qa_auth_page_seen:signup
15:00:33   8833 · qa_goto_welcome
15:00:36   8833 · qa_welcome_visible
15:00:36   8833 · web_onboard_chat_not_found_try:1
15:00:37   8833 · web_onboard_chat_not_found_try:2
15:00:38   8833 · web_onboard_chat_not_found_try:3
15:00:38   8833 · web_onboard_chat_stuck
15:00:59   8833 · web_not_ready_for_qa
15:00:59   8833 · web_add_friends_not_found
15:00:59   8833 · web_add_friends_settle
15:01:03   → FAIL:not_inside · ok=0 inside=0 dead=0 fail=2
15:01:05 [3/21] #8838 haftezogaga@gmail.com k1h0m3e0 age=140.1h web=False
15:01:14   8838 · qa_auth_page_seen:signup
15:01:14   8838 · qa_goto_welcome
15:01:16   8838 · qa_welcome_visible
15:01:17   8838 · web_onboard_chat_not_found_try:1
15:01:18   8838 · web_onboard_chat_not_found_try:2
15:01:18   8838 · web_onboard_chat_not_found_try:3
15:01:19   8838 · web_onboard_chat_stuck
15:01:39   8838 · web_not_ready_for_qa
15:01:39   8838 · web_add_friends_not_found
15:01:39   8838 · web_add_friends_settle
15:01:44   → FAIL:not_inside · ok=0 inside=0 dead=0 fail=3
15:01:46 [4/21] #8839 ienyawsnoimon@gmail.com k1h0mcwp age=140.0h web=False
15:01:55   8839 · qa_auth_page_seen:signup
15:01:55   8839 · qa_goto_welcome
15:02:16   8839 · qa_welcome_visible
15:02:17   8839 · web_onboard_chat_not_found_try:1
15:02:17   8839 · web_onboard_chat_not_found_try:2
15:02:18   8839 · web_onboard_chat_not_found_try:3
15:02:18   8839 · web_onboard_chat_stuck
15:02:39   8839 · web_not_ready_for_qa
15:02:39   8839 · web_add_friends_not_found
15:02:39   8839 · web_add_friends_settle
15:02:43   → FAIL:not_inside · ok=0 inside=0 dead=0 fail=4
15:02:45 [5/21] #8842 plugdeftphrelyt@gmail.com k1h0na78 age=139.5h web=False
15:02:56   8842 · qa_auth_page_seen:signup
15:02:56   8842 · qa_goto_welcome
15:02:58   8842 · qa_welcome_visible
15:02:59   8842 · web_onboard_chat_not_found_try:1
15:02:59   8842 · web_onboard_chat_not_found_try:2
15:03:00   8842 · web_onboard_chat_not_found_try:3
15:03:01   8842 · web_onboard_chat_stuck
15:03:22   8842 · web_not_ready_for_qa
15:03:22   8842 · web_add_friends_not_found
15:03:22   8842 · web_add_friends_settle
15:03:27   → FAIL:not_inside · ok=0 inside=0 dead=0 fail=5
15:03:29 [6/21] #8843 polquonlishsup@gmail.com k1h0nkj0 age=139.3h web=False
15:03:38   8843 · qa_auth_page_seen:signup
15:03:38   8843 · qa_goto_welcome
15:04:23   8843 · qa_goto_welcome_failed:Page.goto: Timeout 45000ms exceeded.
Call log:
  - navigating to "https://accounts.snapchat.com/v2/welcome?locale=en-US", waiting until "domcontentloaded"

15:04:23   8843 · qa_welcome_visible
15:04:24   8843 · web_onboard_chat_not_found_try:1
15:04:25   8843 · web_onboard_chat_not_found_try:2
15:04:25   8843 · web_onboard_chat_not_found_try:3
15:04:26   8843 · web_onboard_chat_stuck
15:04:46   8843 · web_not_ready_for_qa
15:04:46   8843 · web_add_friends_not_found
15:04:46   8843 · web_add_friends_settle
15:04:50   → FAIL:not_inside · ok=0 inside=0 dead=0 fail=6
15:04:52 [7/21] #9137 treymhgcyg@gmail.com k1h1w36t age=117.0h web=False
15:05:02   9137 · qa_auth_page_seen:signup
15:05:02   9137 · qa_goto_welcome
15:05:04   9137 · qa_welcome_visible
15:05:05   9137 · web_onboard_chat_not_found_try:1
15:05:06   9137 · web_onboard_chat_not_found_try:2
15:05:06   9137 · web_onboard_chat_not_found_try:3
15:05:07   9137 · web_onboard_chat_stuck
15:05:28   9137 · web_not_ready_for_qa
15:05:28   9137 · web_add_friends_not_found
15:05:28   9137 · web_add_friends_settle
15:05:32   → FAIL:not_inside · ok=0 inside=0 dead=0 fail=7
15:05:34 [8/21] #9138 narrownaus@gmail.com k1h1wkih age=116.7h web=False
15:05:44   9138 · qa_auth_page_seen:signup
15:05:44   9138 · qa_goto_welcome
15:05:46   9138 · qa_welcome_visible
15:05:48   9138 · web_onboard_chat_not_found_try:1
15:05:48   9138 · web_onboard_chat_not_found_try:2
15:05:49   9138 · web_onboard_chat_not_found_try:3
15:05:49   9138 · web_onboard_chat_stuck
15:06:10   9138 · web_not_ready_for_qa
15:06:10   9138 · web_add_friends_not_found
15:06:10   9138 · web_add_friends_settle
15:06:14   → FAIL:not_inside · ok=0 inside=0 dead=0 fail=8
15:06:16 [9/21] #9141 eusoelakso@gmail.com k1h1x99d age=116.4h web=False
15:06:59   9141 · qa_auth_page_seen:signup
15:06:59   9141 · qa_goto_welcome
15:07:44   9141 · qa_goto_welcome_failed:Page.goto: Timeout 45000ms exceeded.
Call log:
  - navigating to "https://accounts.snapchat.com/v2/welcome?locale=en-US", waiting until "domcontentloaded"

15:07:44   9141 · qa_welcome_visible
15:07:45   9141 · web_onboard_chat_not_found_try:1
15:07:46   9141 · web_onboard_chat_not_found_try:2
15:07:46   9141 · web_onboard_chat_not_found_try:3
15:07:47   9141 · web_onboard_chat_stuck
15:08:07   9141 · web_not_ready_for_qa
15:08:07   9141 · web_add_friends_not_found
15:08:07   9141 · web_add_friends_settle
15:08:12   → FAIL:not_inside · ok=0 inside=0 dead=0 fail=9
15:08:14 [10/21] #9142 summersomao@gmail.com k1h26qc0 age=111.8h web=False
15:08:30   9142 · qa_auth_page_seen:signup
15:08:30   9142 · qa_goto_welcome
15:09:15   9142 · qa_goto_welcome_failed:Page.goto: Timeout 45000ms exceeded.
Call log:
  - navigating to "https://accounts.snapchat.com/v2/welcome?locale=en-US", waiting until "domcontentloaded"

15:09:15   9142 · qa_welcome_visible
15:09:16   9142 · web_onboard_chat_not_found_try:1
15:09:17   9142 · web_onboard_chat_not_found_try:2
15:09:17   9142 · web_onboard_chat_not_found_try:3
15:09:18   9142 · web_onboard_chat_stuck
15:09:38   9142 · web_not_ready_for_qa
15:09:38   9142 · web_add_friends_not_found
15:09:38   9142 · web_add_friends_settle
15:09:43   → FAIL:not_inside · ok=0 inside=0 dead=0 fail=10
15:09:45 [11/21] #9147 a01033252363@gmail.com k1h27kfc age=111.4h web=False
15:09:58   9147 · qa_auth_page_seen:signup
15:09:58   9147 · qa_goto_welcome
15:10:11   9147 · qa_welcome_visible
15:10:12   9147 · web_onboard_chat_try:1
15:10:37   9147 · web_onboard_chat
15:10:48   9147 · qa_ready_to_add
15:10:48   9147 · web_add_friends_empty_list
15:10:48   9147 · web_add_friends_settle
15:10:52   9147 · web_add_friends_open
15:10:54   9147 · web_add_friends_search:Caleb
15:10:59   9147 · web_add_friends_panel_closed
15:10:59   9147 · web_add_friends_retry
15:11:02   9147 · web_add_friends_open
15:11:03   9147 · web_add_friends_search:Robert
15:11:05   9147 · web_add_friends_added:4
15:11:05   9147 · web_add_friends_settle
15:11:18   sheet sync rc=0
15:11:19   → OK:web_add_friends_added:4,web_add_friends_added:4 · ok=1 inside=0 dead=0 fail=10
15:11:21 [12/21] #9158 baleyung032@gmail.com k1h28o8e age=110.8h web=False
15:11:35   9158 · qa_auth_page_seen:signup
15:11:35   9158 · qa_goto_welcome
15:11:50   9158 · qa_welcome_visible
15:11:51   9158 · web_onboard_chat_try:1
15:12:24   9158 · web_onboard_chat
15:12:35   9158 · qa_ready_to_add
15:12:35   9158 · web_add_friends_empty_list
15:12:35   9158 · web_add_friends_settle
15:12:39   9158 · web_add_friends_open
15:12:40   9158 · web_add_friends_search:Ethan
15:12:43   9158 · web_add_friends_added:2
15:12:44   9158 · web_add_friends_settle
15:12:57   sheet sync rc=0
15:12:58   → OK:web_add_friends_added:2,web_add_friends_added:2 · ok=2 inside=0 dead=0 fail=10
15:13:00 [13/21] #9159 bd5511337@gmail.com k1h28yk4 age=110.7h web=False
15:13:14   9159 · qa_auth_page_seen:signup
15:13:14   9159 · qa_goto_welcome
15:13:16   9159 · qa_welcome_visible
15:13:17   9159 · web_onboard_chat_not_found_try:1
15:13:18   9159 · web_onboard_chat_not_found_try:2
15:13:18   9159 · web_onboard_chat_not_found_try:3
15:13:19   9159 · web_onboard_chat_stuck
15:13:40   9159 · web_not_ready_for_qa
15:13:40   9159 · web_add_friends_not_found
15:13:40   9159 · web_add_friends_settle
15:13:45   → FAIL:not_inside · ok=2 inside=0 dead=0 fail=11
15:13:47 [14/21] #9167 depet023@gmail.com k1h2a5ux age=110.1h web=False
15:14:00   9167 · qa_auth_page_seen:signup
15:14:00   9167 · qa_goto_welcome
15:14:41   9167 · qa_welcome_visible
15:14:42   9167 · web_onboard_chat_not_found_try:1
15:14:43   9167 · web_onboard_chat_not_found_try:2
15:14:44   9167 · web_onboard_chat_not_found_try:3
15:14:44   9167 · web_onboard_chat_stuck
15:15:05   9167 · web_not_ready_for_qa
15:15:05   9167 · web_add_friends_not_found
15:15:05   9167 · web_add_friends_settle
15:15:09   → FAIL:not_inside · ok=2 inside=0 dead=0 fail=12
15:15:11 [15/21] #9188 muhntoy@gmail.com k1h2b6jw age=109.6h web=False
15:15:29   9188 · qa_goto_welcome
15:15:46   9188 · qa_goto_welcome_failed:Page.goto: net::ERR_CONNECTION_RESET at https://accounts.snapchat.com/v2/welcome?locale=en-US
Call log:
  - navigating to "https://accounts.snapchat.com/v2/welcome?locale=en-US", waiting until "domcontentloaded"

15:15:47   9188 · qa_waiting_session_try:1:…
15:15:52   9188 · qa_waiting_session_try:10:…
15:15:57   9188 · qa_waiting_session_try:20:…
15:16:03   9188 · qa_fallback_web_onboard
15:16:03   9188 · web_onboard_goto_welcome
15:16:11   9188 · web_onboard_goto_welcome_failed:Page.goto: net::ERR_TIMED_OUT at https://accounts.snapchat.com/v2/welcome?locale=en-US
Call log:
  - navigating to "https://accounts.snapchat.com/v2/welcome?locale=en-US", waiting until "domcontentloaded"

15:16:11   9188 · web_onboard_not_on_welcome
15:16:31   9188 · qa_goto_welcome
15:16:57   9188 · web_not_ready_for_qa
15:16:57   9188 · web_add_friends_not_found
15:16:57   9188 · web_add_friends_settle
15:17:02   → FAIL:not_inside · ok=2 inside=0 dead=0 fail=13
15:17:04 [16/21] #9193 rokislonj@gmail.com k1h2c12k age=109.1h web=False
15:17:18   9193 · qa_auth_page_seen:signup
15:17:18   9193 · qa_goto_welcome
15:17:47   9193 · qa_welcome_visible
15:17:48   9193 · web_onboard_chat_try:1
15:18:24   9193 · web_onboard_chat_still_here
15:18:24   9193 · web_onboard_chat_try:2
15:18:40   9193 · web_onboard_chat_still_here
15:18:40   9193 · web_onboard_chat_try:3
15:18:55   9193 · web_onboard_chat_still_here
15:18:55   9193 · web_onboard_chat_stuck
15:19:15   9193 · web_not_ready_for_qa
15:19:15   9193 · web_add_friends_not_found
15:19:15   9193 · web_add_friends_settle
15:19:20   → FAIL:not_inside · ok=2 inside=0 dead=0 fail=14
15:19:22 [17/21] #9200 tonidavid827@gmail.com k1h2cdmq age=108.9h web=False
15:19:36   9200 · qa_auth_page_seen:signup
15:19:36   9200 · qa_goto_welcome
15:20:00   9200 · qa_welcome_visible
15:20:01   9200 · web_onboard_chat_not_found_try:1
15:20:01   9200 · web_onboard_chat_not_found_try:2
15:20:02   9200 · web_onboard_chat_not_found_try:3
15:20:02   9200 · web_onboard_chat_stuck
15:20:23   9200 · web_not_ready_for_qa
15:20:23   9200 · web_add_friends_not_found
15:20:23   9200 · web_add_friends_settle
15:20:27   → FAIL:not_inside · ok=2 inside=0 dead=0 fail=15
15:20:29 [18/21] #9201 toy82012@gmail.com k1h2cqsv age=108.7h web=False
15:20:45   9201 · qa_auth_page_seen:signup
15:20:45   9201 · qa_goto_welcome
15:21:06   9201 · qa_welcome_visible
15:21:07   9201 · web_onboard_chat_try:1
15:21:34   9201 · web_onboard_chat
15:21:47   9201 · qa_ready_to_add
15:21:47   9201 · web_add_friends_empty_list
15:21:47   9201 · web_add_friends_settle
15:21:52   9201 · web_add_friends_open
15:21:53   9201 · web_add_friends_search:Anthony
15:21:58   9201 · web_add_friends_added:3
15:21:58   9201 · web_add_friends_settle
15:22:12   sheet sync rc=0
15:22:13   → OK:web_add_friends_added:3,web_add_friends_added:3 · ok=3 inside=0 dead=0 fail=15
15:22:15 [19/21] #9208 caretoy807@gmail.com k1h2dbkk age=108.3h web=False
15:22:30   9208 · qa_auth_page_seen:signup
15:22:30   9208 · qa_goto_welcome
15:23:02   9208 · qa_welcome_visible
15:23:02   9208 · web_onboard_chat_not_found_try:1
15:23:03   9208 · web_onboard_chat_not_found_try:2
15:23:03   9208 · web_onboard_chat_not_found_try:3
15:23:04   9208 · web_onboard_chat_stuck
15:23:25   9208 · web_not_ready_for_qa
15:23:25   9208 · web_add_friends_not_found
15:23:25   9208 · web_add_friends_settle
15:23:29   → FAIL:not_inside · ok=3 inside=0 dead=0 fail=16
15:23:31 [20/21] #9211 purdysalt0@gmail.com k1h2deny age=108.2h web=False
15:23:53   9211 · qa_auth_page_seen:signup
15:23:53   9211 · qa_goto_welcome
15:23:59   9211 · qa_welcome_visible
15:24:00   9211 · web_onboard_chat_not_found_try:1
15:24:00   9211 · web_onboard_chat_not_found_try:2
15:24:01   9211 · web_onboard_chat_not_found_try:3
15:24:01   9211 · web_onboard_chat_stuck
15:24:22   9211 · web_not_ready_for_qa
15:24:22   9211 · web_add_friends_not_found
15:24:22   9211 · web_add_friends_settle
15:24:26   → FAIL:not_inside · ok=3 inside=0 dead=0 fail=17
15:24:28 [21/21] #9212 raydauch@gmail.com k1h2dp11 age=108.1h web=False
15:24:42   9212 · qa_auth_page_seen:signup
15:24:42   9212 · qa_goto_welcome
15:25:01   9212 · qa_welcome_visible
15:25:02   9212 · web_onboard_chat_try:1
15:25:29   9212 · web_onboard_chat
15:25:46   9212 · qa_ready_to_add
15:25:46   9212 · web_add_friends_empty_list
15:25:46   9212 · web_add_friends_settle
15:25:51   9212 · web_add_friends_open
15:25:52   9212 · web_add_friends_search:David
15:25:56   9212 · web_add_friends_added:3
15:25:57   9212 · web_add_friends_settle
15:26:12   sheet sync rc=0
15:26:13   → OK:web_add_friends_added:3,web_add_friends_added:3 · ok=4 inside=0 dead=0 fail=17
15:26:28   sheet sync rc=0
15:26:28 done ok=4 inside_no_add=0 dead=0 fail=17 of 21
